Copyright 1986-2022 Xilinx, Inc. All Rights Reserved. Copyright 2022-2024 Advanced Micro Devices, Inc. All Rights Reserved.
---------------------------------------------------------------------------------------------------------------------------------------------
| Tool Version : Vivado v.2024.1 (lin64) Build 5076996 Wed May 22 18:36:09 MDT 2024
| Date         : Sat Oct 10 16:22:04 2026
| Host         : amax running 64-bit Ubuntu 24.04 LTS
| Command      : report_timing_summary -file build/synth/timing.rpt
| Design       : PebbleLinuxChip
| Device       : 7a100t-csg324
| Speed File   : -1  PRODUCTION 1.23 2018-06-13
| Design State : Synthesized
---------------------------------------------------------------------------------------------------------------------------------------------

Timing Summary Report

------------------------------------------------------------------------------------------------
| Timer Settings
| --------------
------------------------------------------------------------------------------------------------

  Enable Multi Corner Analysis               :  Yes
  Enable Pessimism Removal                   :  Yes
  Pessimism Removal Resolution               :  Nearest Common Node
  Enable Input Delay Default Clock           :  No
  Enable Preset / Clear Arcs                 :  No
  Disable Flight Delays                      :  No
  Ignore I/O Paths                           :  No
  Timing Early Launch at Borrowing Latches   :  No
  Borrow Time for Max Delay Exceptions       :  Yes
  Merge Timing Exceptions                    :  Yes
  Inter-SLR Compensation                     :  Conservative

  Corner  Analyze    Analyze    
  Name    Max Paths  Min Paths  
  ------  ---------  ---------  
  Slow    Yes        Yes        
  Fast    Yes        Yes        


------------------------------------------------------------------------------------------------
| Report Methodology
| ------------------
------------------------------------------------------------------------------------------------

No report available as report_methodology has not been run prior. Run report_methodology on the current design for the summary of methodology violations.



check_timing report

Table of Contents
-----------------
1. checking no_clock (0)
2. checking constant_clock (0)
3. checking pulse_width_clock (0)
4. checking unconstrained_internal_endpoints (0)
5. checking no_input_delay (0)
6. checking no_output_delay (0)
7. checking multiple_clock (0)
8. checking generated_clocks (0)
9. checking loops (0)
10. checking partial_input_delay (0)
11. checking partial_output_delay (0)
12. checking latch_loops (0)

1. checking no_clock (0)
------------------------
 There are 0 register/latch pins with no clock.


2. checking constant_clock (0)
------------------------------
 There are 0 register/latch pins with constant_clock.


3. checking pulse_width_clock (0)
---------------------------------
 There are 0 register/latch pins which need pulse_width check


4. checking unconstrained_internal_endpoints (0)
------------------------------------------------
 There are 0 pins that are not constrained for maximum delay.

 There are 0 pins that are not constrained for maximum delay due to constant clock.


5. checking no_input_delay (0)
------------------------------
 There are 0 input ports with no input delay specified.

 There are 0 input ports with no input delay but user has a false path constraint.


6. checking no_output_delay (0)
-------------------------------
 There are 0 ports with no output delay specified.

 There are 0 ports with no output delay but user has a false path constraint

 There are 0 ports with no output delay but with a timing clock defined on it or propagating through it


7. checking multiple_clock (0)
------------------------------
 There are 0 register/latch pins with multiple clocks.


8. checking generated_clocks (0)
--------------------------------
 There are 0 generated clocks that are not connected to a clock source.


9. checking loops (0)
---------------------
 There are 0 combinational loops in the design.


10. checking partial_input_delay (0)
------------------------------------
 There are 0 input ports with partial input delay specified.


11. checking partial_output_delay (0)
-------------------------------------
 There are 0 ports with partial output delay specified.


12. checking latch_loops (0)
----------------------------
 There are 0 combinational latch loops in the design through latch input



------------------------------------------------------------------------------------------------
| Design Timing Summary
| ---------------------
------------------------------------------------------------------------------------------------

    WNS(ns)      TNS(ns)  TNS Failing Endpoints  TNS Total Endpoints      WHS(ns)      THS(ns)  THS Failing Endpoints  THS Total Endpoints     WPWS(ns)     TPWS(ns)  TPWS Failing Endpoints  TPWS Total Endpoints  
    -------      -------  ---------------------  -------------------      -------      -------  ---------------------  -------------------     --------     --------  ----------------------  --------------------  
      0.405        0.000                      0               439225       -0.028       -5.944                    518               439225        8.750        0.000                       0                140568  


Timing constraints are not met.


------------------------------------------------------------------------------------------------
| Clock Summary
| -------------
------------------------------------------------------------------------------------------------

Clock  Waveform(ns)       Period(ns)      Frequency(MHz)
-----  ------------       ----------      --------------
core   {0.000 10.000}     20.000          50.000          


------------------------------------------------------------------------------------------------
| Intra Clock Table
| -----------------
------------------------------------------------------------------------------------------------

Clock             WNS(ns)      TNS(ns)  TNS Failing Endpoints  TNS Total Endpoints      WHS(ns)      THS(ns)  THS Failing Endpoints  THS Total Endpoints     WPWS(ns)     TPWS(ns)  TPWS Failing Endpoints  TPWS Total Endpoints  
-----             -------      -------  ---------------------  -------------------      -------      -------  ---------------------  -------------------     --------     --------  ----------------------  --------------------  
core                0.405        0.000                      0               439220       -0.028       -5.944                    518               439220        8.750        0.000                       0                140568  


------------------------------------------------------------------------------------------------
| Inter Clock Table
| -----------------
------------------------------------------------------------------------------------------------

From Clock    To Clock          WNS(ns)      TNS(ns)  TNS Failing Endpoints  TNS Total Endpoints      WHS(ns)      THS(ns)  THS Failing Endpoints  THS Total Endpoints  
----------    --------          -------      -------  ---------------------  -------------------      -------      -------  ---------------------  -------------------  


------------------------------------------------------------------------------------------------
| Other Path Groups Table
| -----------------------
------------------------------------------------------------------------------------------------

Path Group         From Clock         To Clock               WNS(ns)      TNS(ns)  TNS Failing Endpoints  TNS Total Endpoints      WHS(ns)      THS(ns)  THS Failing Endpoints  THS Total Endpoints  
----------         ----------         --------               -------      -------  ---------------------  -------------------      -------      -------  ---------------------  -------------------  
**async_default**  core               core                    17.368        0.000                      0                    5        1.810        0.000                      0                    5  


------------------------------------------------------------------------------------------------
| Timing Details
| --------------
------------------------------------------------------------------------------------------------


---------------------------------------------------------------------------------------------------
From Clock:  core
  To Clock:  core

Setup :            0  Failing Endpoints,  Worst Slack        0.405ns,  Total Violation        0.000ns
Hold  :          518  Failing Endpoints,  Worst Slack       -0.028ns,  Total Violation       -5.944ns
PW    :            0  Failing Endpoints,  Worst Slack        8.750ns,  Total Violation        0.000ns
---------------------------------------------------------------------------------------------------


Max Delay Paths
--------------------------------------------------------------------------------------
Slack (MET) :             0.405ns  (required time - arrival time)
  Source:                 system/tile_prci_domain/element_reset_domain_bbtile/dcache/s2_req_size_reg[1]/C
                            (rising edge-triggered cell FDRE clocked by core  {rise@0.000ns fall@10.000ns period=20.000ns})
  Destination:            system/tile_prci_domain/element_reset_domain_bbtile/cores_0/mem_reg_wdata_reg[3]/D
                            (rising edge-triggered cell FDRE clocked by core  {rise@0.000ns fall@10.000ns period=20.000ns})
  Path Group:             core
  Path Type:              Setup (Max at Slow Process Corner)
  Requirement:            20.000ns  (core rise@20.000ns - core rise@0.000ns)
  Data Path Delay:        19.355ns  (logic 5.611ns (28.990%)  route 13.744ns (71.010%))
  Logic Levels:           32  (CARRY4=6 LUT2=4 LUT3=3 LUT4=2 LUT5=7 LUT6=10)
  Clock Path Skew:        -0.049ns (DCD - SCD + CPR)
    Destination Clock Delay (DCD):    0.924ns = ( 20.924 - 20.000 ) 
    Source Clock Delay      (SCD):    0.973ns
    Clock Pessimism Removal (CPR):    0.000ns
  Clock Uncertainty:      0.235ns  ((TSJ^2 + TIJ^2)^1/2 + DJ) / 2 + PE + UU
    Total System Jitter     (TSJ):    0.071ns
    Total Input Jitter      (TIJ):    0.000ns
    Discrete Jitter          (DJ):    0.000ns
    Phase Error              (PE):    0.000ns
    User Uncertainty         (UU):    0.200ns

    Location             Delay type                Incr(ns)  Path(ns)    Netlist Resource(s)
  -------------------------------------------------------------------    -------------------
                         (clock core rise edge)       0.000     0.000 r  
                                                      0.000     0.000 r  clock (IN)
                         net (fo=140589, unset)       0.973     0.973    system/tile_prci_domain/element_reset_domain_bbtile/dcache/clock
                         FDRE                                         r  system/tile_prci_domain/element_reset_domain_bbtile/dcache/s2_req_size_reg[1]/C
  -------------------------------------------------------------------    -------------------
                         FDRE (Prop_fdre_C_Q)         0.478     1.451 f  system/tile_prci_domain/element_reset_domain_bbtile/dcache/s2_req_size_reg[1]/Q
                         net (fo=142, unplaced)       0.578     2.029    system/tile_prci_domain/element_reset_domain_bbtile/dcache/_dcache_io_cpu_resp_bits_size[1]
                         LUT2 (Prop_lut2_I0_O)        0.295     2.324 f  system/tile_prci_domain/element_reset_domain_bbtile/dcache/load_wb_data[63]_i_11/O
                         net (fo=1, unplaced)         0.449     2.773    system/tile_prci_domain/element_reset_domain_bbtile/dcache/load_wb_data[63]_i_11_n_0
                         LUT6 (Prop_lut6_I4_O)        0.124     2.897 f  system/tile_prci_domain/element_reset_domain_bbtile/dcache/load_wb_data[63]_i_9/O
                         net (fo=63, unplaced)        0.537     3.434    system/tile_prci_domain/element_reset_domain_bbtile/dcache/load_wb_data[63]_i_9_n_0
                         LUT5 (Prop_lut5_I4_O)        0.124     3.558 f  system/tile_prci_domain/element_reset_domain_bbtile/dcache/in_pipe_b_in1[60]_i_3/O
                         net (fo=2, unplaced)         0.460     4.018    system/tile_prci_domain/element_reset_domain_bbtile/cores_0/div/_dcache_io_cpu_resp_bits_data_word_bypass[60]
                         LUT5 (Prop_lut5_I0_O)        0.124     4.142 f  system/tile_prci_domain/element_reset_domain_bbtile/cores_0/div/in_pipe_b_in1[60]_i_2/O
                         net (fo=1, unplaced)         0.449     4.591    system/tile_prci_domain/element_reset_domain_bbtile/cores_0/div/in_pipe_b_in1[60]_i_2_n_0
                         LUT3 (Prop_lut3_I0_O)        0.124     4.715 f  system/tile_prci_domain/element_reset_domain_bbtile/cores_0/div/in_pipe_b_in1[60]_i_1__0/O
                         net (fo=8, unplaced)         0.457     5.172    system/tile_prci_domain/element_reset_domain_bbtile/cores_0/_cores_0_io_fpu_fromint_data[60]
                         LUT4 (Prop_lut4_I0_O)        0.150     5.322 f  system/tile_prci_domain/element_reset_domain_bbtile/cores_0/mem_reg_wdata[62]_i_36/O
                         net (fo=2, unplaced)         0.460     5.782    system/tile_prci_domain/element_reset_domain_bbtile/cores_0/mem_reg_wdata[62]_i_36_n_0
                         LUT6 (Prop_lut6_I0_O)        0.124     5.906 f  system/tile_prci_domain/element_reset_domain_bbtile/cores_0/mem_br_taken_i_15/O
                         net (fo=1, unplaced)         0.449     6.355    system/tile_prci_domain/element_reset_domain_bbtile/cores_0/mem_br_taken_i_15_n_0
                         LUT5 (Prop_lut5_I0_O)        0.124     6.479 f  system/tile_prci_domain/element_reset_domain_bbtile/cores_0/mem_br_taken_i_8/O
                         net (fo=18, unplaced)        0.506     6.985    system/tile_prci_domain/element_reset_domain_bbtile/cores_0/mem_br_taken_i_8_n_0
                         LUT5 (Prop_lut5_I2_O)        0.124     7.109 f  system/tile_prci_domain/element_reset_domain_bbtile/cores_0/mem_reg_wdata[6]_i_90/O
                         net (fo=7, unplaced)         0.484     7.593    system/tile_prci_domain/element_reset_domain_bbtile/cores_0/alu/tz_in[0]
                         LUT6 (Prop_lut6_I5_O)        0.124     7.717 r  system/tile_prci_domain/element_reset_domain_bbtile/cores_0/mem_reg_wdata[6]_i_260/O
                         net (fo=9, unplaced)         0.460     8.177    system/tile_prci_domain/element_reset_domain_bbtile/cores_0/mem_reg_wdata[6]_i_260_n_0
                         LUT2 (Prop_lut2_I0_O)        0.124     8.301 r  system/tile_prci_domain/element_reset_domain_bbtile/cores_0/mem_reg_wdata[6]_i_266/O
                         net (fo=9, unplaced)         0.460     8.761    system/tile_prci_domain/element_reset_domain_bbtile/cores_0/mem_reg_wdata[6]_i_266_n_0
                         LUT6 (Prop_lut6_I4_O)        0.124     8.885 r  system/tile_prci_domain/element_reset_domain_bbtile/cores_0/mem_reg_wdata[6]_i_250/O
                         net (fo=24, unplaced)        0.796     9.681    system/tile_prci_domain/element_reset_domain_bbtile/cores_0/mem_reg_wdata[6]_i_250_n_0
                         LUT6 (Prop_lut6_I1_O)        0.124     9.805 r  system/tile_prci_domain/element_reset_domain_bbtile/cores_0/mem_reg_wdata[6]_i_403/O
                         net (fo=13, unplaced)        0.499    10.304    system/tile_prci_domain/element_reset_domain_bbtile/cores_0/mem_reg_wdata[6]_i_403_n_0
                         LUT4 (Prop_lut4_I3_O)        0.124    10.428 f  system/tile_prci_domain/element_reset_domain_bbtile/cores_0/mem_reg_wdata[6]_i_400/O
                         net (fo=21, unplaced)        0.510    10.938    system/tile_prci_domain/element_reset_domain_bbtile/cores_0/mem_reg_wdata[6]_i_400_n_0
                         LUT6 (Prop_lut6_I2_O)        0.124    11.062 r  system/tile_prci_domain/element_reset_domain_bbtile/cores_0/mem_reg_wdata[6]_i_436/O
                         net (fo=1, unplaced)         0.474    11.536    system/tile_prci_domain/element_reset_domain_bbtile/cores_0/mem_reg_wdata[6]_i_436_n_0
                         CARRY4 (Prop_carry4_DI[2]_CO[3])
                                                      0.404    11.940 r  system/tile_prci_domain/element_reset_domain_bbtile/cores_0/mem_reg_wdata_reg[6]_i_355/CO[3]
                         net (fo=1, unplaced)         0.000    11.940    system/tile_prci_domain/element_reset_domain_bbtile/cores_0/mem_reg_wdata_reg[6]_i_355_n_0
                         CARRY4 (Prop_carry4_CI_CO[3])
                                                      0.117    12.057 r  system/tile_prci_domain/element_reset_domain_bbtile/cores_0/mem_reg_wdata_reg[6]_i_354/CO[3]
                         net (fo=1, unplaced)         0.000    12.057    system/tile_prci_domain/element_reset_domain_bbtile/cores_0/mem_reg_wdata_reg[6]_i_354_n_0
                         CARRY4 (Prop_carry4_CI_CO[3])
                                                      0.117    12.174 r  system/tile_prci_domain/element_reset_domain_bbtile/cores_0/mem_reg_wdata_reg[6]_i_246/CO[3]
                         net (fo=1, unplaced)         0.000    12.174    system/tile_prci_domain/element_reset_domain_bbtile/cores_0/mem_reg_wdata_reg[6]_i_246_n_0
                         CARRY4 (Prop_carry4_CI_CO[3])
                                                      0.117    12.291 r  system/tile_prci_domain/element_reset_domain_bbtile/cores_0/mem_reg_wdata_reg[6]_i_242/CO[3]
                         net (fo=1, unplaced)         0.000    12.291    system/tile_prci_domain/element_reset_domain_bbtile/cores_0/mem_reg_wdata_reg[6]_i_242_n_0
                         CARRY4 (Prop_carry4_CI_O[1])
                                                      0.337    12.628 r  system/tile_prci_domain/element_reset_domain_bbtile/cores_0/mem_reg_wdata_reg[6]_i_237/O[1]
                         net (fo=3, unplaced)         0.629    13.257    system/tile_prci_domain/element_reset_domain_bbtile/cores_0/alu/_popc_in_T_1370[54]
                         LUT6 (Prop_lut6_I0_O)        0.306    13.563 r  system/tile_prci_domain/element_reset_domain_bbtile/cores_0/mem_reg_wdata[6]_i_138/O
                         net (fo=1, unplaced)         0.449    14.012    system/tile_prci_domain/element_reset_domain_bbtile/cores_0/mem_reg_wdata[6]_i_138_n_0
                         LUT2 (Prop_lut2_I1_O)        0.124    14.136 r  system/tile_prci_domain/element_reset_domain_bbtile/cores_0/mem_reg_wdata[6]_i_77/O
                         net (fo=4, unplaced)         0.473    14.609    system/tile_prci_domain/element_reset_domain_bbtile/cores_0/mem_reg_wdata[6]_i_77_n_0
                         LUT2 (Prop_lut2_I0_O)        0.124    14.733 r  system/tile_prci_domain/element_reset_domain_bbtile/cores_0/mem_reg_wdata[6]_i_132/O
                         net (fo=3, unplaced)         0.467    15.200    system/tile_prci_domain/element_reset_domain_bbtile/cores_0/mem_reg_wdata[6]_i_132_n_0
                         LUT3 (Prop_lut3_I0_O)        0.124    15.324 r  system/tile_prci_domain/element_reset_domain_bbtile/cores_0/mem_reg_wdata[6]_i_73/O
                         net (fo=4, unplaced)         0.965    16.289    system/tile_prci_domain/element_reset_domain_bbtile/cores_0/mem_reg_wdata[6]_i_73_n_0
                         LUT5 (Prop_lut5_I1_O)        0.124    16.413 f  system/tile_prci_domain/element_reset_domain_bbtile/cores_0/mem_reg_wdata[6]_i_71/O
                         net (fo=2, unplaced)         0.460    16.873    system/tile_prci_domain/element_reset_domain_bbtile/cores_0/mem_reg_wdata[6]_i_71_n_0
                         LUT3 (Prop_lut3_I2_O)        0.124    16.997 r  system/tile_prci_domain/element_reset_domain_bbtile/cores_0/mem_reg_wdata[6]_i_50/O
                         net (fo=3, unplaced)         0.467    17.464    system/tile_prci_domain/element_reset_domain_bbtile/cores_0/mem_reg_wdata[6]_i_50_n_0
                         LUT6 (Prop_lut6_I5_O)        0.124    17.588 r  system/tile_prci_domain/element_reset_domain_bbtile/cores_0/mem_reg_wdata[6]_i_34/O
                         net (fo=1, unplaced)         0.000    17.588    system/tile_prci_domain/element_reset_domain_bbtile/cores_0/mem_reg_wdata[6]_i_34_n_0
                         CARRY4 (Prop_carry4_S[3]_O[3])
                                                      0.255    17.843 r  system/tile_prci_domain/element_reset_domain_bbtile/cores_0/mem_reg_wdata_reg[6]_i_17/O[3]
                         net (fo=2, unplaced)         0.459    18.302    system/tile_prci_domain/element_reset_domain_bbtile/cores_0/alu/data5[3]
                         LUT6 (Prop_lut6_I5_O)        0.307    18.609 f  system/tile_prci_domain/element_reset_domain_bbtile/cores_0/mem_reg_wdata[3]_i_9/O
                         net (fo=1, unplaced)         0.449    19.058    system/tile_prci_domain/element_reset_domain_bbtile/cores_0/mem_reg_wdata[3]_i_9_n_0
                         LUT6 (Prop_lut6_I3_O)        0.124    19.182 r  system/tile_prci_domain/element_reset_domain_bbtile/cores_0/mem_reg_wdata[3]_i_5/O
                         net (fo=1, unplaced)         0.449    19.631    system/tile_prci_domain/element_reset_domain_bbtile/cores_0/mem_reg_wdata[3]_i_5_n_0
                         LUT5 (Prop_lut5_I0_O)        0.124    19.755 r  system/tile_prci_domain/element_reset_domain_bbtile/cores_0/mem_reg_wdata[3]_i_2/O
                         net (fo=1, unplaced)         0.449    20.204    system/tile_prci_domain/element_reset_domain_bbtile/cores_0/mem_reg_wdata[3]_i_2_n_0
                         LUT5 (Prop_lut5_I0_O)        0.124    20.328 r  system/tile_prci_domain/element_reset_domain_bbtile/cores_0/mem_reg_wdata[3]_i_1/O
                         net (fo=1, unplaced)         0.000    20.328    system/tile_prci_domain/element_reset_domain_bbtile/cores_0/_alu_io_out[3]
                         FDRE                                         r  system/tile_prci_domain/element_reset_domain_bbtile/cores_0/mem_reg_wdata_reg[3]/D
  -------------------------------------------------------------------    -------------------

                         (clock core rise edge)      20.000    20.000 r  
                                                      0.000    20.000 r  clock (IN)
                         net (fo=140589, unset)       0.924    20.924    system/tile_prci_domain/element_reset_domain_bbtile/cores_0/clock
                         FDRE                                         r  system/tile_prci_domain/element_reset_domain_bbtile/cores_0/mem_reg_wdata_reg[3]/C
                         clock pessimism              0.000    20.924    
                         clock uncertainty           -0.235    20.689    
                         FDRE (Setup_fdre_C_D)        0.044    20.733    system/tile_prci_domain/element_reset_domain_bbtile/cores_0/mem_reg_wdata_reg[3]
  -------------------------------------------------------------------
                         required time                         20.733    
                         arrival time                         -20.328    
  -------------------------------------------------------------------
                         slack                                  0.405    





Min Delay Paths
--------------------------------------------------------------------------------------
Slack (VIOLATED) :        -0.028ns  (arrival time - required time)
  Source:                 system/coh_wrapper/l2/inclusive_cache_bank_sched/sourceC/s3_req_opcode_reg[0]/C
                            (rising edge-triggered cell FDRE clocked by core  {rise@0.000ns fall@10.000ns period=20.000ns})
  Destination:            system/coh_wrapper/l2/inclusive_cache_bank_sched/sourceC/queue/ram_ext/Memory_reg_0_7_0_5/RAMA/I
                            (rising edge-triggered cell RAMD32 clocked by core  {rise@0.000ns fall@10.000ns period=20.000ns})
  Path Group:             core
  Path Type:              Hold (Min at Fast Process Corner)
  Requirement:            0.000ns  (core rise@0.000ns - core rise@0.000ns)
  Data Path Delay:        0.288ns  (logic 0.147ns (51.079%)  route 0.141ns (48.921%))
  Logic Levels:           0  
  Clock Path Skew:        0.022ns (DCD - SCD - CPR)
    Destination Clock Delay (DCD):    0.432ns
    Source Clock Delay      (SCD):    0.410ns
    Clock Pessimism Removal (CPR):    -0.000ns
  Clock Uncertainty:      0.200ns  ((TSJ^2 + TIJ^2)^1/2 + DJ) / 2 + PE + UU
    Total System Jitter     (TSJ):    0.000ns
    Total Input Jitter      (TIJ):    0.000ns
    Discrete Jitter          (DJ):    0.000ns
    Phase Error              (PE):    0.000ns
    User Uncertainty         (UU):    0.200ns

    Location             Delay type                Incr(ns)  Path(ns)    Netlist Resource(s)
  -------------------------------------------------------------------    -------------------
                         (clock core rise edge)       0.000     0.000 r  
                                                      0.000     0.000 r  clock (IN)
                         net (fo=140589, unset)       0.410     0.410    system/coh_wrapper/l2/inclusive_cache_bank_sched/sourceC/clock
                         FDRE                                         r  system/coh_wrapper/l2/inclusive_cache_bank_sched/sourceC/s3_req_opcode_reg[0]/C
  -------------------------------------------------------------------    -------------------
                         FDRE (Prop_fdre_C_Q)         0.147     0.557 r  system/coh_wrapper/l2/inclusive_cache_bank_sched/sourceC/s3_req_opcode_reg[0]/Q
                         net (fo=1, unplaced)         0.141     0.698    system/coh_wrapper/l2/inclusive_cache_bank_sched/sourceC/queue/ram_ext/Memory_reg_0_7_0_5/DIA0
                         RAMD32                                       r  system/coh_wrapper/l2/inclusive_cache_bank_sched/sourceC/queue/ram_ext/Memory_reg_0_7_0_5/RAMA/I
  -------------------------------------------------------------------    -------------------

                         (clock core rise edge)       0.000     0.000 r  
                                                      0.000     0.000 r  clock (IN)
                         net (fo=140589, unset)       0.432     0.432    system/coh_wrapper/l2/inclusive_cache_bank_sched/sourceC/queue/ram_ext/Memory_reg_0_7_0_5/WCLK
                         RAMD32                                       r  system/coh_wrapper/l2/inclusive_cache_bank_sched/sourceC/queue/ram_ext/Memory_reg_0_7_0_5/RAMA/CLK
                         clock pessimism              0.000     0.432    
                         clock uncertainty            0.200     0.632    
                         RAMD32 (Hold_ramd32_CLK_I)
                                                      0.094     0.726    system/coh_wrapper/l2/inclusive_cache_bank_sched/sourceC/queue/ram_ext/Memory_reg_0_7_0_5/RAMA
  -------------------------------------------------------------------
                         required time                         -0.726    
                         arrival time                           0.698    
  -------------------------------------------------------------------
                         slack                                 -0.028    





Pulse Width Checks
--------------------------------------------------------------------------------------
Clock Name:         core
Waveform(ns):       { 0.000 10.000 }
Period(ns):         20.000
Sources:            { clock }

Check Type        Corner  Lib Pin      Reference Pin  Required(ns)  Actual(ns)  Slack(ns)  Location  Pin
Min Period        n/a     DSP48E1/CLK  n/a            3.884         20.000      16.116               system/tile_prci_domain/element_reset_domain_bbtile/fpuOpts_0/dfma/fma/mulResultPipe_pipe_b_reg/CLK
Low Pulse Width   Slow    RAMD32/CLK   n/a            1.250         10.000      8.750                system/cbus/buffer/nodeIn_d_q/ram_ext/Memory_reg_0_1_0_5/RAMA/CLK
High Pulse Width  Slow    RAMD32/CLK   n/a            1.250         10.000      8.750                system/cbus/buffer/nodeIn_d_q/ram_ext/Memory_reg_0_1_0_5/RAMA/CLK



---------------------------------------------------------------------------------------------------
Path Group:  **async_default**
From Clock:  core
  To Clock:  core

Setup :            0  Failing Endpoints,  Worst Slack       17.368ns,  Total Violation        0.000ns
Hold  :            0  Failing Endpoints,  Worst Slack        1.810ns,  Total Violation        0.000ns
---------------------------------------------------------------------------------------------------


Max Delay Paths
--------------------------------------------------------------------------------------
Slack (MET) :             17.368ns  (required time - arrival time)
  Source:                 reset
                            (input port clocked by core  {rise@0.000ns fall@10.000ns period=20.000ns})
  Destination:            system/clint_domain/intsource/reg_0/reg_0_reg[0]/CLR
                            (recovery check against rising-edge clock core  {rise@0.000ns fall@10.000ns period=20.000ns})
  Path Group:             **async_default**
  Path Type:              Recovery (Max at Slow Process Corner)
  Requirement:            20.000ns  (core rise@20.000ns - core rise@0.000ns)
  Data Path Delay:        0.973ns  (logic 0.000ns (0.000%)  route 0.973ns (100.000%))
  Logic Levels:           0  
  Input Delay:            2.000ns
  Clock Path Skew:        0.924ns (DCD - SCD + CPR)
    Destination Clock Delay (DCD):    0.924ns = ( 20.924 - 20.000 ) 
    Source Clock Delay      (SCD):    0.000ns
    Clock Pessimism Removal (CPR):    0.000ns
  Clock Uncertainty:      0.235ns  ((TSJ^2 + TIJ^2)^1/2 + DJ) / 2 + PE + UU
    Total System Jitter     (TSJ):    0.071ns
    Total Input Jitter      (TIJ):    0.000ns
    Discrete Jitter          (DJ):    0.000ns
    Phase Error              (PE):    0.000ns
    User Uncertainty         (UU):    0.200ns

    Location             Delay type                Incr(ns)  Path(ns)    Netlist Resource(s)
  -------------------------------------------------------------------    -------------------
                         (clock core rise edge)       0.000     0.000 r  
                         input delay                  2.000     2.000    
                                                      0.000     2.000 f  reset (IN)
                         net (fo=6442, unset)         0.973     2.973    system/clint_domain/intsource/reg_0/reset
                         FDCE                                         f  system/clint_domain/intsource/reg_0/reg_0_reg[0]/CLR
  -------------------------------------------------------------------    -------------------

                         (clock core rise edge)      20.000    20.000 r  
                                                      0.000    20.000 r  clock (IN)
                         net (fo=140589, unset)       0.924    20.924    system/clint_domain/intsource/reg_0/clock
                         FDCE                                         r  system/clint_domain/intsource/reg_0/reg_0_reg[0]/C
                         clock pessimism              0.000    20.924    
                         clock uncertainty           -0.235    20.689    
                         FDCE (Recov_fdce_C_CLR)     -0.348    20.341    system/clint_domain/intsource/reg_0/reg_0_reg[0]
  -------------------------------------------------------------------
                         required time                         20.341    
                         arrival time                          -2.973    
  -------------------------------------------------------------------
                         slack                                 17.368    





Min Delay Paths
--------------------------------------------------------------------------------------
Slack (MET) :             1.810ns  (arrival time - required time)
  Source:                 reset
                            (input port clocked by core  {rise@0.000ns fall@10.000ns period=20.000ns})
  Destination:            system/clint_domain/intsource/reg_0/reg_0_reg[1]/CLR
                            (removal check against rising-edge clock core  {rise@0.000ns fall@10.000ns period=20.000ns})
  Path Group:             **async_default**
  Path Type:              Removal (Min at Fast Process Corner)
  Requirement:            0.000ns  (core rise@0.000ns - core rise@0.000ns)
  Data Path Delay:        0.410ns  (logic 0.000ns (0.000%)  route 0.410ns (100.000%))
  Logic Levels:           0  
  Input Delay:            2.000ns
  Clock Path Skew:        0.432ns (DCD - SCD - CPR)
    Destination Clock Delay (DCD):    0.432ns
    Source Clock Delay      (SCD):    0.000ns
    Clock Pessimism Removal (CPR):    -0.000ns
  Clock Uncertainty:      0.235ns  ((TSJ^2 + TIJ^2)^1/2 + DJ) / 2 + PE + UU
    Total System Jitter     (TSJ):    0.071ns
    Total Input Jitter      (TIJ):    0.000ns
    Discrete Jitter          (DJ):    0.000ns
    Phase Error              (PE):    0.000ns
    User Uncertainty         (UU):    0.200ns

    Location             Delay type                Incr(ns)  Path(ns)    Netlist Resource(s)
  -------------------------------------------------------------------    -------------------
                         (clock core rise edge)       0.000     0.000 r  
                         input delay                  2.000     2.000    
                                                      0.000     2.000 f  reset (IN)
                         net (fo=6442, unset)         0.410     2.410    system/clint_domain/intsource/reg_0/reset
                         FDCE                                         f  system/clint_domain/intsource/reg_0/reg_0_reg[1]/CLR
  -------------------------------------------------------------------    -------------------

                         (clock core rise edge)       0.000     0.000 r  
                                                      0.000     0.000 r  clock (IN)
                         net (fo=140589, unset)       0.432     0.432    system/clint_domain/intsource/reg_0/clock
                         FDCE                                         r  system/clint_domain/intsource/reg_0/reg_0_reg[1]/C
                         clock pessimism              0.000     0.432    
                         clock uncertainty            0.235     0.667    
                         FDCE (Remov_fdce_C_CLR)     -0.067     0.600    system/clint_domain/intsource/reg_0/reg_0_reg[1]
  -------------------------------------------------------------------
                         required time                         -0.600    
                         arrival time                           2.410    
  -------------------------------------------------------------------
                         slack                                  1.810    





