Copyright 1986-2022 Xilinx, Inc. All Rights Reserved. Copyright 2022-2024 Advanced Micro Devices, Inc. All Rights Reserved.
---------------------------------------------------------------------------------------------------------------------------------------------
| Tool Version : Vivado v.2024.1 (lin64) Build 5076996 Wed May 22 18:36:09 MDT 2024
| Date         : Sat Oct 10 16:22:09 2026
| Host         : amax running 64-bit Ubuntu 24.04 LTS
| Command      : report_drc -file build/synth/drc.rpt
| Design       : PebbleLinuxChip
| Device       : xc7a100tcsg324-1
| Speed File   : -1
| Design State : Synthesized
---------------------------------------------------------------------------------------------------------------------------------------------

Report DRC

Table of Contents
-----------------
1. REPORT SUMMARY
2. REPORT DETAILS

1. REPORT SUMMARY
-----------------
            Netlist: PebbleLinuxChip
          Floorplan: design_1
      Design limits: <entire design considered>
           Ruledeck: default
             Max violations: <unlimited>
             Violations found: 65
+----------+----------+-----------------------------------------------------+------------+
| Rule     | Severity | Description                                         | Violations |
+----------+----------+-----------------------------------------------------+------------+
| UTLZ-1   | Error    | Resource utilization                                | 8          |
| CFGBVS-1 | Warning  | Missing CFGBVS and CONFIG_VOLTAGE Design Properties | 1          |
| DPIP-1   | Warning  | Input pipelining                                    | 6          |
| DPOP-1   | Warning  | PREG Output pipelining                              | 22         |
| DPOP-2   | Warning  | MREG Output pipelining                              | 28         |
+----------+----------+-----------------------------------------------------+------------+

2. REPORT DETAILS
-----------------
UTLZ-1#1 Error
Resource utilization  - PBlock:ROOT
LUT as Distributed RAM over-utilized in Top Level Design (This design requires more LUT as Distributed RAM cells than are available in the target device. This design requires 23226 of such cell types but only 19000 compatible sites are available in the target device. Please analyze your synthesis results and constraints to ensure the design is mapped to Xilinx primitives as expected. If so, please consider targeting a larger device. Please set tcl parameter "drc.disableLUTOverUtilError" to 1 to change this error to warning.)ROOT
Related violations: <none>

UTLZ-1#2 Error
Resource utilization  - PBlock:ROOT
LUT as Logic over-utilized in Top Level Design (This design requires more LUT as Logic cells than are available in the target device. This design requires 172119 of such cell types but only 63400 compatible sites are available in the target device. Please analyze your synthesis results and constraints to ensure the design is mapped to Xilinx primitives as expected. If so, please consider targeting a larger device. Please set tcl parameter "drc.disableLUTOverUtilError" to 1 to change this error to warning.)ROOT
Related violations: <none>

UTLZ-1#3 Error
Resource utilization  - PBlock:ROOT
LUT as Memory over-utilized in Top Level Design (This design requires more LUT as Memory cells than are available in the target device. This design requires 23252 of such cell types but only 19000 compatible sites are available in the target device. Please analyze your synthesis results and constraints to ensure the design is mapped to Xilinx primitives as expected. If so, please consider targeting a larger device. Please set tcl parameter "drc.disableLUTOverUtilError" to 1 to change this error to warning.)ROOT
Related violations: <none>

UTLZ-1#4 Error
Resource utilization  - PBlock:ROOT
LUT6 over-utilized in Top Level Design (This design requires more LUT6 cells than are available in the target device. This design requires 84607 of such cell types but only 63400 compatible sites are available in the target device. Please analyze your synthesis results and constraints to ensure the design is mapped to Xilinx primitives as expected. If so, please consider targeting a larger device.)ROOT
Related violations: <none>

UTLZ-1#5 Error
Resource utilization  - PBlock:ROOT
RAMB18 and RAMB36/FIFO over-utilized in Top Level Design (This design requires more RAMB18 and RAMB36/FIFO cells than are available in the target device. This design requires 288 of such cell types but only 270 compatible sites are available in the target device. Please analyze your synthesis results and constraints to ensure the design is mapped to Xilinx primitives as expected. If so, please consider targeting a larger device.)ROOT
Related violations: <none>

UTLZ-1#6 Error
Resource utilization  - PBlock:ROOT
RAMB36/FIFO over-utilized in Top Level Design (This design requires more RAMB36/FIFO cells than are available in the target device. This design requires 144 of such cell types but only 135 compatible sites are available in the target device. Please analyze your synthesis results and constraints to ensure the design is mapped to Xilinx primitives as expected. If so, please consider targeting a larger device.)ROOT
Related violations: <none>

UTLZ-1#7 Error
Resource utilization  - PBlock:ROOT
RAMB36E1 over-utilized in Top Level Design (This design requires more RAMB36E1 cells than are available in the target device. This design requires 144 of such cell types but only 135 compatible sites are available in the target device. Please analyze your synthesis results and constraints to ensure the design is mapped to Xilinx primitives as expected. If so, please consider targeting a larger device.)ROOT
Related violations: <none>

UTLZ-1#8 Error
Resource utilization  - PBlock:ROOT
RAMD64E over-utilized in Top Level Design (This design requires more RAMD64E cells than are available in the target device. This design requires 19412 of such cell types but only 19000 compatible sites are available in the target device. Please analyze your synthesis results and constraints to ensure the design is mapped to Xilinx primitives as expected. If so, please consider targeting a larger device.)ROOT
Related violations: <none>

CFGBVS-1#1 Warning
Missing CFGBVS and CONFIG_VOLTAGE Design Properties  
Neither the CFGBVS nor CONFIG_VOLTAGE voltage property is set in the current_design.  Configuration bank voltage select (CFGBVS) must be set to VCCO or GND, and CONFIG_VOLTAGE must be set to the correct configuration voltage, in order to determine the I/O voltage support for the pins in bank 0.  It is suggested to specify these either using the 'Edit Device Properties' function in the GUI or directly in the XDC file using the following syntax:

 set_property CFGBVS value1 [current_design]
 #where value1 is either VCCO or GND

 set_property CONFIG_VOLTAGE value2 [current_design]
 #where value2 is the voltage provided to configuration bank 0

Refer to the device configuration user guide for more information.
Related violations: <none>

DPIP-1#1 Warning
Input pipelining  
DSP system/tile_prci_domain/element_reset_domain_bbtile/accelerators_0/memDomain/frontend/memLoader/iter_reg0 input system/tile_prci_domain/element_reset_domain_bbtile/accelerators_0/memDomain/frontend/memLoader/iter_reg0/A[29:0] is not pipelined. Pipelining DSP48 input will improve performance.
Related violations: <none>

DPIP-1#2 Warning
Input pipelining  
DSP system/tile_prci_domain/element_reset_domain_bbtile/accelerators_0/memDomain/frontend/memLoader/iter_reg0 input system/tile_prci_domain/element_reset_domain_bbtile/accelerators_0/memDomain/frontend/memLoader/iter_reg0/B[17:0] is not pipelined. Pipelining DSP48 input will improve performance.
Related violations: <none>

DPIP-1#3 Warning
Input pipelining  
DSP system/tile_prci_domain/element_reset_domain_bbtile/accelerators_0/memDomain/frontend/memStorer/rowDelta0 input system/tile_prci_domain/element_reset_domain_bbtile/accelerators_0/memDomain/frontend/memStorer/rowDelta0/A[29:0] is not pipelined. Pipelining DSP48 input will improve performance.
Related violations: <none>

DPIP-1#4 Warning
Input pipelining  
DSP system/tile_prci_domain/element_reset_domain_bbtile/accelerators_0/memDomain/frontend/memStorer/rowDelta0 input system/tile_prci_domain/element_reset_domain_bbtile/accelerators_0/memDomain/frontend/memStorer/rowDelta0/B[17:0] is not pipelined. Pipelining DSP48 input will improve performance.
Related violations: <none>

DPIP-1#5 Warning
Input pipelining  
DSP system/tile_prci_domain/element_reset_domain_bbtile/accelerators_0/memDomain/frontend/reader/readVaddr1 input system/tile_prci_domain/element_reset_domain_bbtile/accelerators_0/memDomain/frontend/reader/readVaddr1/A[29:0] is not pipelined. Pipelining DSP48 input will improve performance.
Related violations: <none>

DPIP-1#6 Warning
Input pipelining  
DSP system/tile_prci_domain/element_reset_domain_bbtile/accelerators_0/memDomain/frontend/reader/rowSkip_reg input system/tile_prci_domain/element_reset_domain_bbtile/accelerators_0/memDomain/frontend/reader/rowSkip_reg/A[29:0] is not pipelined. Pipelining DSP48 input will improve performance.
Related violations: <none>

DPOP-1#1 Warning
PREG Output pipelining  
DSP system/tile_prci_domain/element_reset_domain_bbtile/accelerators_0/ballDomain/bbus/balls_3/multiply/mulAddRecFNToRaw_postMul_io_mulAddResult_pipe_b1 output system/tile_prci_domain/element_reset_domain_bbtile/accelerators_0/ballDomain/bbus/balls_3/multiply/mulAddRecFNToRaw_postMul_io_mulAddResult_pipe_b1/P[47:0] is not pipelined (PREG=0). Pipelining the DSP48 output will improve performance and often saves power so it is suggested whenever possible to fully pipeline this function.  If this DSP48 function was inferred, it is suggested to describe an additional register stage after this function.  If the DSP48 was instantiated in the design, it is suggested to set the PREG attribute to 1.
Related violations: <none>

DPOP-1#2 Warning
PREG Output pipelining  
DSP system/tile_prci_domain/element_reset_domain_bbtile/accelerators_0/ballDomain/bbus/balls_3/multiply/mulAddRecFNToRaw_postMul_io_mulAddResult_pipe_b1__0 output system/tile_prci_domain/element_reset_domain_bbtile/accelerators_0/ballDomain/bbus/balls_3/multiply/mulAddRecFNToRaw_postMul_io_mulAddResult_pipe_b1__0/P[47:0] is not pipelined (PREG=0). Pipelining the DSP48 output will improve performance and often saves power so it is suggested whenever possible to fully pipeline this function.  If this DSP48 function was inferred, it is suggested to describe an additional register stage after this function.  If the DSP48 was instantiated in the design, it is suggested to set the PREG attribute to 1.
Related violations: <none>

DPOP-1#3 Warning
PREG Output pipelining  
DSP system/tile_prci_domain/element_reset_domain_bbtile/accelerators_0/ballDomain/bbus/balls_7/lhsMul/mulAddRecFNToRaw_postMul_io_mulAddResult_pipe_b1 output system/tile_prci_domain/element_reset_domain_bbtile/accelerators_0/ballDomain/bbus/balls_7/lhsMul/mulAddRecFNToRaw_postMul_io_mulAddResult_pipe_b1/P[47:0] is not pipelined (PREG=0). Pipelining the DSP48 output will improve performance and often saves power so it is suggested whenever possible to fully pipeline this function.  If this DSP48 function was inferred, it is suggested to describe an additional register stage after this function.  If the DSP48 was instantiated in the design, it is suggested to set the PREG attribute to 1.
Related violations: <none>

DPOP-1#4 Warning
PREG Output pipelining  
DSP system/tile_prci_domain/element_reset_domain_bbtile/accelerators_0/ballDomain/bbus/balls_7/lhsMul/mulAddRecFNToRaw_postMul_io_mulAddResult_pipe_b1__0 output system/tile_prci_domain/element_reset_domain_bbtile/accelerators_0/ballDomain/bbus/balls_7/lhsMul/mulAddRecFNToRaw_postMul_io_mulAddResult_pipe_b1__0/P[47:0] is not pipelined (PREG=0). Pipelining the DSP48 output will improve performance and often saves power so it is suggested whenever possible to fully pipeline this function.  If this DSP48 function was inferred, it is suggested to describe an additional register stage after this function.  If the DSP48 was instantiated in the design, it is suggested to set the PREG attribute to 1.
Related violations: <none>

DPOP-1#5 Warning
PREG Output pipelining  
DSP system/tile_prci_domain/element_reset_domain_bbtile/accelerators_0/ballDomain/bbus/balls_7/rhsMul/mulAddRecFNToRaw_postMul_io_mulAddResult_pipe_b1 output system/tile_prci_domain/element_reset_domain_bbtile/accelerators_0/ballDomain/bbus/balls_7/rhsMul/mulAddRecFNToRaw_postMul_io_mulAddResult_pipe_b1/P[47:0] is not pipelined (PREG=0). Pipelining the DSP48 output will improve performance and often saves power so it is suggested whenever possible to fully pipeline this function.  If this DSP48 function was inferred, it is suggested to describe an additional register stage after this function.  If the DSP48 was instantiated in the design, it is suggested to set the PREG attribute to 1.
Related violations: <none>

DPOP-1#6 Warning
PREG Output pipelining  
DSP system/tile_prci_domain/element_reset_domain_bbtile/accelerators_0/ballDomain/bbus/balls_7/rhsMul/mulAddRecFNToRaw_postMul_io_mulAddResult_pipe_b1__0 output system/tile_prci_domain/element_reset_domain_bbtile/accelerators_0/ballDomain/bbus/balls_7/rhsMul/mulAddRecFNToRaw_postMul_io_mulAddResult_pipe_b1__0/P[47:0] is not pipelined (PREG=0). Pipelining the DSP48 output will improve performance and often saves power so it is suggested whenever possible to fully pipeline this function.  If this DSP48 function was inferred, it is suggested to describe an additional register stage after this function.  If the DSP48 was instantiated in the design, it is suggested to set the PREG attribute to 1.
Related violations: <none>

DPOP-1#7 Warning
PREG Output pipelining  
DSP system/tile_prci_domain/element_reset_domain_bbtile/accelerators_0/ballDomain/bbus/balls_8/scale/mulAddRecFNToRaw_postMul_io_mulAddResult_pipe_b1 output system/tile_prci_domain/element_reset_domain_bbtile/accelerators_0/ballDomain/bbus/balls_8/scale/mulAddRecFNToRaw_postMul_io_mulAddResult_pipe_b1/P[47:0] is not pipelined (PREG=0). Pipelining the DSP48 output will improve performance and often saves power so it is suggested whenever possible to fully pipeline this function.  If this DSP48 function was inferred, it is suggested to describe an additional register stage after this function.  If the DSP48 was instantiated in the design, it is suggested to set the PREG attribute to 1.
Related violations: <none>

DPOP-1#8 Warning
PREG Output pipelining  
DSP system/tile_prci_domain/element_reset_domain_bbtile/accelerators_0/ballDomain/bbus/balls_8/scale/mulAddRecFNToRaw_postMul_io_mulAddResult_pipe_b1__0 output system/tile_prci_domain/element_reset_domain_bbtile/accelerators_0/ballDomain/bbus/balls_8/scale/mulAddRecFNToRaw_postMul_io_mulAddResult_pipe_b1__0/P[47:0] is not pipelined (PREG=0). Pipelining the DSP48 output will improve performance and often saves power so it is suggested whenever possible to fully pipeline this function.  If this DSP48 function was inferred, it is suggested to describe an additional register stage after this function.  If the DSP48 was instantiated in the design, it is suggested to set the PREG attribute to 1.
Related violations: <none>

DPOP-1#9 Warning
PREG Output pipelining  
DSP system/tile_prci_domain/element_reset_domain_bbtile/accelerators_0/memDomain/frontend/memLoader/iter_reg0 output system/tile_prci_domain/element_reset_domain_bbtile/accelerators_0/memDomain/frontend/memLoader/iter_reg0/P[47:0] is not pipelined (PREG=0). Pipelining the DSP48 output will improve performance and often saves power so it is suggested whenever possible to fully pipeline this function.  If this DSP48 function was inferred, it is suggested to describe an additional register stage after this function.  If the DSP48 was instantiated in the design, it is suggested to set the PREG attribute to 1.
Related violations: <none>

DPOP-1#10 Warning
PREG Output pipelining  
DSP system/tile_prci_domain/element_reset_domain_bbtile/accelerators_0/memDomain/frontend/memLoader/iter_reg0__0 output system/tile_prci_domain/element_reset_domain_bbtile/accelerators_0/memDomain/frontend/memLoader/iter_reg0__0/P[47:0] is not pipelined (PREG=0). Pipelining the DSP48 output will improve performance and often saves power so it is suggested whenever possible to fully pipeline this function.  If this DSP48 function was inferred, it is suggested to describe an additional register stage after this function.  If the DSP48 was instantiated in the design, it is suggested to set the PREG attribute to 1.
Related violations: <none>

DPOP-1#11 Warning
PREG Output pipelining  
DSP system/tile_prci_domain/element_reset_domain_bbtile/accelerators_0/memDomain/frontend/reader/readVaddr1 output system/tile_prci_domain/element_reset_domain_bbtile/accelerators_0/memDomain/frontend/reader/readVaddr1/P[47:0] is not pipelined (PREG=0). Pipelining the DSP48 output will improve performance and often saves power so it is suggested whenever possible to fully pipeline this function.  If this DSP48 function was inferred, it is suggested to describe an additional register stage after this function.  If the DSP48 was instantiated in the design, it is suggested to set the PREG attribute to 1.
Related violations: <none>

DPOP-1#12 Warning
PREG Output pipelining  
DSP system/tile_prci_domain/element_reset_domain_bbtile/cores_0/div/remainder1 output system/tile_prci_domain/element_reset_domain_bbtile/cores_0/div/remainder1/P[47:0] is not pipelined (PREG=0). Pipelining the DSP48 output will improve performance and often saves power so it is suggested whenever possible to fully pipeline this function.  If this DSP48 function was inferred, it is suggested to describe an additional register stage after this function.  If the DSP48 was instantiated in the design, it is suggested to set the PREG attribute to 1.
Related violations: <none>

DPOP-1#13 Warning
PREG Output pipelining  
DSP system/tile_prci_domain/element_reset_domain_bbtile/cores_0/div/remainder1__1 output system/tile_prci_domain/element_reset_domain_bbtile/cores_0/div/remainder1__1/P[47:0] is not pipelined (PREG=0). Pipelining the DSP48 output will improve performance and often saves power so it is suggested whenever possible to fully pipeline this function.  If this DSP48 function was inferred, it is suggested to describe an additional register stage after this function.  If the DSP48 was instantiated in the design, it is suggested to set the PREG attribute to 1.
Related violations: <none>

DPOP-1#14 Warning
PREG Output pipelining  
DSP system/tile_prci_domain/element_reset_domain_bbtile/cores_0/div/remainder1__10 output system/tile_prci_domain/element_reset_domain_bbtile/cores_0/div/remainder1__10/P[47:0] is not pipelined (PREG=0). Pipelining the DSP48 output will improve performance and often saves power so it is suggested whenever possible to fully pipeline this function.  If this DSP48 function was inferred, it is suggested to describe an additional register stage after this function.  If the DSP48 was instantiated in the design, it is suggested to set the PREG attribute to 1.
Related violations: <none>

DPOP-1#15 Warning
PREG Output pipelining  
DSP system/tile_prci_domain/element_reset_domain_bbtile/cores_0/div/remainder1__11 output system/tile_prci_domain/element_reset_domain_bbtile/cores_0/div/remainder1__11/P[47:0] is not pipelined (PREG=0). Pipelining the DSP48 output will improve performance and often saves power so it is suggested whenever possible to fully pipeline this function.  If this DSP48 function was inferred, it is suggested to describe an additional register stage after this function.  If the DSP48 was instantiated in the design, it is suggested to set the PREG attribute to 1.
Related violations: <none>

DPOP-1#16 Warning
PREG Output pipelining  
DSP system/tile_prci_domain/element_reset_domain_bbtile/cores_0/div/remainder1__3 output system/tile_prci_domain/element_reset_domain_bbtile/cores_0/div/remainder1__3/P[47:0] is not pipelined (PREG=0). Pipelining the DSP48 output will improve performance and often saves power so it is suggested whenever possible to fully pipeline this function.  If this DSP48 function was inferred, it is suggested to describe an additional register stage after this function.  If the DSP48 was instantiated in the design, it is suggested to set the PREG attribute to 1.
Related violations: <none>

DPOP-1#17 Warning
PREG Output pipelining  
DSP system/tile_prci_domain/element_reset_domain_bbtile/cores_0/div/remainder1__5 output system/tile_prci_domain/element_reset_domain_bbtile/cores_0/div/remainder1__5/P[47:0] is not pipelined (PREG=0). Pipelining the DSP48 output will improve performance and often saves power so it is suggested whenever possible to fully pipeline this function.  If this DSP48 function was inferred, it is suggested to describe an additional register stage after this function.  If the DSP48 was instantiated in the design, it is suggested to set the PREG attribute to 1.
Related violations: <none>

DPOP-1#18 Warning
PREG Output pipelining  
DSP system/tile_prci_domain/element_reset_domain_bbtile/cores_0/div/remainder1__7 output system/tile_prci_domain/element_reset_domain_bbtile/cores_0/div/remainder1__7/P[47:0] is not pipelined (PREG=0). Pipelining the DSP48 output will improve performance and often saves power so it is suggested whenever possible to fully pipeline this function.  If this DSP48 function was inferred, it is suggested to describe an additional register stage after this function.  If the DSP48 was instantiated in the design, it is suggested to set the PREG attribute to 1.
Related violations: <none>

DPOP-1#19 Warning
PREG Output pipelining  
DSP system/tile_prci_domain/element_reset_domain_bbtile/cores_0/div/remainder1__8 output system/tile_prci_domain/element_reset_domain_bbtile/cores_0/div/remainder1__8/P[47:0] is not pipelined (PREG=0). Pipelining the DSP48 output will improve performance and often saves power so it is suggested whenever possible to fully pipeline this function.  If this DSP48 function was inferred, it is suggested to describe an additional register stage after this function.  If the DSP48 was instantiated in the design, it is suggested to set the PREG attribute to 1.
Related violations: <none>

DPOP-1#20 Warning
PREG Output pipelining  
DSP system/tile_prci_domain/element_reset_domain_bbtile/fpuOpts_0/dfma/fma/mulResultPipe_pipe_b0__0 output system/tile_prci_domain/element_reset_domain_bbtile/fpuOpts_0/dfma/fma/mulResultPipe_pipe_b0__0/P[47:0] is not pipelined (PREG=0). Pipelining the DSP48 output will improve performance and often saves power so it is suggested whenever possible to fully pipeline this function.  If this DSP48 function was inferred, it is suggested to describe an additional register stage after this function.  If the DSP48 was instantiated in the design, it is suggested to set the PREG attribute to 1.
Related violations: <none>

DPOP-1#21 Warning
PREG Output pipelining  
DSP system/tile_prci_domain/element_reset_domain_bbtile/fpuOpts_0/dfma/fma/mulResultPipe_pipe_b0__3 output system/tile_prci_domain/element_reset_domain_bbtile/fpuOpts_0/dfma/fma/mulResultPipe_pipe_b0__3/P[47:0] is not pipelined (PREG=0). Pipelining the DSP48 output will improve performance and often saves power so it is suggested whenever possible to fully pipeline this function.  If this DSP48 function was inferred, it is suggested to describe an additional register stage after this function.  If the DSP48 was instantiated in the design, it is suggested to set the PREG attribute to 1.
Related violations: <none>

DPOP-1#22 Warning
PREG Output pipelining  
DSP system/tile_prci_domain/element_reset_domain_bbtile/fpuOpts_0/sfma/fma/mulResultPipe_pipe_b0 output system/tile_prci_domain/element_reset_domain_bbtile/fpuOpts_0/sfma/fma/mulResultPipe_pipe_b0/P[47:0] is not pipelined (PREG=0). Pipelining the DSP48 output will improve performance and often saves power so it is suggested whenever possible to fully pipeline this function.  If this DSP48 function was inferred, it is suggested to describe an additional register stage after this function.  If the DSP48 was instantiated in the design, it is suggested to set the PREG attribute to 1.
Related violations: <none>

DPOP-2#1 Warning
MREG Output pipelining  
DSP system/tile_prci_domain/element_reset_domain_bbtile/accelerators_0/ballDomain/bbus/balls_3/multiply/mulAddRecFNToRaw_postMul_io_mulAddResult_pipe_b1 multiplier stage system/tile_prci_domain/element_reset_domain_bbtile/accelerators_0/ballDomain/bbus/balls_3/multiply/mulAddRecFNToRaw_postMul_io_mulAddResult_pipe_b1/P[47:0] is not pipelined (MREG=0). Pipelining the multiplier function will improve performance and will save significant power so it is suggested whenever possible to fully pipeline this function.  If this multiplier was inferred, it is suggested to describe an additional register stage after this function.  If there is no registered adder/accumulator following the multiply function, two pipeline stages are suggested to allow both the MREG and PREG registers to be used.  If the DSP48 was instantiated in the design, it is suggested to set both the MREG and PREG attributes to 1 when performing multiply functions.
Related violations: <none>

DPOP-2#2 Warning
MREG Output pipelining  
DSP system/tile_prci_domain/element_reset_domain_bbtile/accelerators_0/ballDomain/bbus/balls_3/multiply/mulAddRecFNToRaw_postMul_io_mulAddResult_pipe_b1__0 multiplier stage system/tile_prci_domain/element_reset_domain_bbtile/accelerators_0/ballDomain/bbus/balls_3/multiply/mulAddRecFNToRaw_postMul_io_mulAddResult_pipe_b1__0/P[47:0] is not pipelined (MREG=0). Pipelining the multiplier function will improve performance and will save significant power so it is suggested whenever possible to fully pipeline this function.  If this multiplier was inferred, it is suggested to describe an additional register stage after this function.  If there is no registered adder/accumulator following the multiply function, two pipeline stages are suggested to allow both the MREG and PREG registers to be used.  If the DSP48 was instantiated in the design, it is suggested to set both the MREG and PREG attributes to 1 when performing multiply functions.
Related violations: <none>

DPOP-2#3 Warning
MREG Output pipelining  
DSP system/tile_prci_domain/element_reset_domain_bbtile/accelerators_0/ballDomain/bbus/balls_7/lhsMul/mulAddRecFNToRaw_postMul_io_mulAddResult_pipe_b1 multiplier stage system/tile_prci_domain/element_reset_domain_bbtile/accelerators_0/ballDomain/bbus/balls_7/lhsMul/mulAddRecFNToRaw_postMul_io_mulAddResult_pipe_b1/P[47:0] is not pipelined (MREG=0). Pipelining the multiplier function will improve performance and will save significant power so it is suggested whenever possible to fully pipeline this function.  If this multiplier was inferred, it is suggested to describe an additional register stage after this function.  If there is no registered adder/accumulator following the multiply function, two pipeline stages are suggested to allow both the MREG and PREG registers to be used.  If the DSP48 was instantiated in the design, it is suggested to set both the MREG and PREG attributes to 1 when performing multiply functions.
Related violations: <none>

DPOP-2#4 Warning
MREG Output pipelining  
DSP system/tile_prci_domain/element_reset_domain_bbtile/accelerators_0/ballDomain/bbus/balls_7/lhsMul/mulAddRecFNToRaw_postMul_io_mulAddResult_pipe_b1__0 multiplier stage system/tile_prci_domain/element_reset_domain_bbtile/accelerators_0/ballDomain/bbus/balls_7/lhsMul/mulAddRecFNToRaw_postMul_io_mulAddResult_pipe_b1__0/P[47:0] is not pipelined (MREG=0). Pipelining the multiplier function will improve performance and will save significant power so it is suggested whenever possible to fully pipeline this function.  If this multiplier was inferred, it is suggested to describe an additional register stage after this function.  If there is no registered adder/accumulator following the multiply function, two pipeline stages are suggested to allow both the MREG and PREG registers to be used.  If the DSP48 was instantiated in the design, it is suggested to set both the MREG and PREG attributes to 1 when performing multiply functions.
Related violations: <none>

DPOP-2#5 Warning
MREG Output pipelining  
DSP system/tile_prci_domain/element_reset_domain_bbtile/accelerators_0/ballDomain/bbus/balls_7/rhsMul/mulAddRecFNToRaw_postMul_io_mulAddResult_pipe_b1 multiplier stage system/tile_prci_domain/element_reset_domain_bbtile/accelerators_0/ballDomain/bbus/balls_7/rhsMul/mulAddRecFNToRaw_postMul_io_mulAddResult_pipe_b1/P[47:0] is not pipelined (MREG=0). Pipelining the multiplier function will improve performance and will save significant power so it is suggested whenever possible to fully pipeline this function.  If this multiplier was inferred, it is suggested to describe an additional register stage after this function.  If there is no registered adder/accumulator following the multiply function, two pipeline stages are suggested to allow both the MREG and PREG registers to be used.  If the DSP48 was instantiated in the design, it is suggested to set both the MREG and PREG attributes to 1 when performing multiply functions.
Related violations: <none>

DPOP-2#6 Warning
MREG Output pipelining  
DSP system/tile_prci_domain/element_reset_domain_bbtile/accelerators_0/ballDomain/bbus/balls_7/rhsMul/mulAddRecFNToRaw_postMul_io_mulAddResult_pipe_b1__0 multiplier stage system/tile_prci_domain/element_reset_domain_bbtile/accelerators_0/ballDomain/bbus/balls_7/rhsMul/mulAddRecFNToRaw_postMul_io_mulAddResult_pipe_b1__0/P[47:0] is not pipelined (MREG=0). Pipelining the multiplier function will improve performance and will save significant power so it is suggested whenever possible to fully pipeline this function.  If this multiplier was inferred, it is suggested to describe an additional register stage after this function.  If there is no registered adder/accumulator following the multiply function, two pipeline stages are suggested to allow both the MREG and PREG registers to be used.  If the DSP48 was instantiated in the design, it is suggested to set both the MREG and PREG attributes to 1 when performing multiply functions.
Related violations: <none>

DPOP-2#7 Warning
MREG Output pipelining  
DSP system/tile_prci_domain/element_reset_domain_bbtile/accelerators_0/ballDomain/bbus/balls_8/scale/mulAddRecFNToRaw_postMul_io_mulAddResult_pipe_b1 multiplier stage system/tile_prci_domain/element_reset_domain_bbtile/accelerators_0/ballDomain/bbus/balls_8/scale/mulAddRecFNToRaw_postMul_io_mulAddResult_pipe_b1/P[47:0] is not pipelined (MREG=0). Pipelining the multiplier function will improve performance and will save significant power so it is suggested whenever possible to fully pipeline this function.  If this multiplier was inferred, it is suggested to describe an additional register stage after this function.  If there is no registered adder/accumulator following the multiply function, two pipeline stages are suggested to allow both the MREG and PREG registers to be used.  If the DSP48 was instantiated in the design, it is suggested to set both the MREG and PREG attributes to 1 when performing multiply functions.
Related violations: <none>

DPOP-2#8 Warning
MREG Output pipelining  
DSP system/tile_prci_domain/element_reset_domain_bbtile/accelerators_0/ballDomain/bbus/balls_8/scale/mulAddRecFNToRaw_postMul_io_mulAddResult_pipe_b1__0 multiplier stage system/tile_prci_domain/element_reset_domain_bbtile/accelerators_0/ballDomain/bbus/balls_8/scale/mulAddRecFNToRaw_postMul_io_mulAddResult_pipe_b1__0/P[47:0] is not pipelined (MREG=0). Pipelining the multiplier function will improve performance and will save significant power so it is suggested whenever possible to fully pipeline this function.  If this multiplier was inferred, it is suggested to describe an additional register stage after this function.  If there is no registered adder/accumulator following the multiply function, two pipeline stages are suggested to allow both the MREG and PREG registers to be used.  If the DSP48 was instantiated in the design, it is suggested to set both the MREG and PREG attributes to 1 when performing multiply functions.
Related violations: <none>

DPOP-2#9 Warning
MREG Output pipelining  
DSP system/tile_prci_domain/element_reset_domain_bbtile/accelerators_0/memDomain/frontend/memLoader/iter_reg0 multiplier stage system/tile_prci_domain/element_reset_domain_bbtile/accelerators_0/memDomain/frontend/memLoader/iter_reg0/P[47:0] is not pipelined (MREG=0). Pipelining the multiplier function will improve performance and will save significant power so it is suggested whenever possible to fully pipeline this function.  If this multiplier was inferred, it is suggested to describe an additional register stage after this function.  If there is no registered adder/accumulator following the multiply function, two pipeline stages are suggested to allow both the MREG and PREG registers to be used.  If the DSP48 was instantiated in the design, it is suggested to set both the MREG and PREG attributes to 1 when performing multiply functions.
Related violations: <none>

DPOP-2#10 Warning
MREG Output pipelining  
DSP system/tile_prci_domain/element_reset_domain_bbtile/accelerators_0/memDomain/frontend/memLoader/iter_reg0__0 multiplier stage system/tile_prci_domain/element_reset_domain_bbtile/accelerators_0/memDomain/frontend/memLoader/iter_reg0__0/P[47:0] is not pipelined (MREG=0). Pipelining the multiplier function will improve performance and will save significant power so it is suggested whenever possible to fully pipeline this function.  If this multiplier was inferred, it is suggested to describe an additional register stage after this function.  If there is no registered adder/accumulator following the multiply function, two pipeline stages are suggested to allow both the MREG and PREG registers to be used.  If the DSP48 was instantiated in the design, it is suggested to set both the MREG and PREG attributes to 1 when performing multiply functions.
Related violations: <none>

DPOP-2#11 Warning
MREG Output pipelining  
DSP system/tile_prci_domain/element_reset_domain_bbtile/accelerators_0/memDomain/frontend/memStorer/rowDelta0 multiplier stage system/tile_prci_domain/element_reset_domain_bbtile/accelerators_0/memDomain/frontend/memStorer/rowDelta0/P[47:0] is not pipelined (MREG=0). Pipelining the multiplier function will improve performance and will save significant power so it is suggested whenever possible to fully pipeline this function.  If this multiplier was inferred, it is suggested to describe an additional register stage after this function.  If there is no registered adder/accumulator following the multiply function, two pipeline stages are suggested to allow both the MREG and PREG registers to be used.  If the DSP48 was instantiated in the design, it is suggested to set both the MREG and PREG attributes to 1 when performing multiply functions.
Related violations: <none>

DPOP-2#12 Warning
MREG Output pipelining  
DSP system/tile_prci_domain/element_reset_domain_bbtile/accelerators_0/memDomain/frontend/reader/readVaddr1 multiplier stage system/tile_prci_domain/element_reset_domain_bbtile/accelerators_0/memDomain/frontend/reader/readVaddr1/P[47:0] is not pipelined (MREG=0). Pipelining the multiplier function will improve performance and will save significant power so it is suggested whenever possible to fully pipeline this function.  If this multiplier was inferred, it is suggested to describe an additional register stage after this function.  If there is no registered adder/accumulator following the multiply function, two pipeline stages are suggested to allow both the MREG and PREG registers to be used.  If the DSP48 was instantiated in the design, it is suggested to set both the MREG and PREG attributes to 1 when performing multiply functions.
Related violations: <none>

DPOP-2#13 Warning
MREG Output pipelining  
DSP system/tile_prci_domain/element_reset_domain_bbtile/accelerators_0/memDomain/frontend/reader/rowSkip_reg multiplier stage system/tile_prci_domain/element_reset_domain_bbtile/accelerators_0/memDomain/frontend/reader/rowSkip_reg/P[47:0] is not pipelined (MREG=0). Pipelining the multiplier function will improve performance and will save significant power so it is suggested whenever possible to fully pipeline this function.  If this multiplier was inferred, it is suggested to describe an additional register stage after this function.  If there is no registered adder/accumulator following the multiply function, two pipeline stages are suggested to allow both the MREG and PREG registers to be used.  If the DSP48 was instantiated in the design, it is suggested to set both the MREG and PREG attributes to 1 when performing multiply functions.
Related violations: <none>

DPOP-2#14 Warning
MREG Output pipelining  
DSP system/tile_prci_domain/element_reset_domain_bbtile/cores_0/div/remainder1 multiplier stage system/tile_prci_domain/element_reset_domain_bbtile/cores_0/div/remainder1/P[47:0] is not pipelined (MREG=0). Pipelining the multiplier function will improve performance and will save significant power so it is suggested whenever possible to fully pipeline this function.  If this multiplier was inferred, it is suggested to describe an additional register stage after this function.  If there is no registered adder/accumulator following the multiply function, two pipeline stages are suggested to allow both the MREG and PREG registers to be used.  If the DSP48 was instantiated in the design, it is suggested to set both the MREG and PREG attributes to 1 when performing multiply functions.
Related violations: <none>

DPOP-2#15 Warning
MREG Output pipelining  
DSP system/tile_prci_domain/element_reset_domain_bbtile/cores_0/div/remainder1__1 multiplier stage system/tile_prci_domain/element_reset_domain_bbtile/cores_0/div/remainder1__1/P[47:0] is not pipelined (MREG=0). Pipelining the multiplier function will improve performance and will save significant power so it is suggested whenever possible to fully pipeline this function.  If this multiplier was inferred, it is suggested to describe an additional register stage after this function.  If there is no registered adder/accumulator following the multiply function, two pipeline stages are suggested to allow both the MREG and PREG registers to be used.  If the DSP48 was instantiated in the design, it is suggested to set both the MREG and PREG attributes to 1 when performing multiply functions.
Related violations: <none>

DPOP-2#16 Warning
MREG Output pipelining  
DSP system/tile_prci_domain/element_reset_domain_bbtile/cores_0/div/remainder1__10 multiplier stage system/tile_prci_domain/element_reset_domain_bbtile/cores_0/div/remainder1__10/P[47:0] is not pipelined (MREG=0). Pipelining the multiplier function will improve performance and will save significant power so it is suggested whenever possible to fully pipeline this function.  If this multiplier was inferred, it is suggested to describe an additional register stage after this function.  If there is no registered adder/accumulator following the multiply function, two pipeline stages are suggested to allow both the MREG and PREG registers to be used.  If the DSP48 was instantiated in the design, it is suggested to set both the MREG and PREG attributes to 1 when performing multiply functions.
Related violations: <none>

DPOP-2#17 Warning
MREG Output pipelining  
DSP system/tile_prci_domain/element_reset_domain_bbtile/cores_0/div/remainder1__11 multiplier stage system/tile_prci_domain/element_reset_domain_bbtile/cores_0/div/remainder1__11/P[47:0] is not pipelined (MREG=0). Pipelining the multiplier function will improve performance and will save significant power so it is suggested whenever possible to fully pipeline this function.  If this multiplier was inferred, it is suggested to describe an additional register stage after this function.  If there is no registered adder/accumulator following the multiply function, two pipeline stages are suggested to allow both the MREG and PREG registers to be used.  If the DSP48 was instantiated in the design, it is suggested to set both the MREG and PREG attributes to 1 when performing multiply functions.
Related violations: <none>

DPOP-2#18 Warning
MREG Output pipelining  
DSP system/tile_prci_domain/element_reset_domain_bbtile/cores_0/div/remainder1__3 multiplier stage system/tile_prci_domain/element_reset_domain_bbtile/cores_0/div/remainder1__3/P[47:0] is not pipelined (MREG=0). Pipelining the multiplier function will improve performance and will save significant power so it is suggested whenever possible to fully pipeline this function.  If this multiplier was inferred, it is suggested to describe an additional register stage after this function.  If there is no registered adder/accumulator following the multiply function, two pipeline stages are suggested to allow both the MREG and PREG registers to be used.  If the DSP48 was instantiated in the design, it is suggested to set both the MREG and PREG attributes to 1 when performing multiply functions.
Related violations: <none>

DPOP-2#19 Warning
MREG Output pipelining  
DSP system/tile_prci_domain/element_reset_domain_bbtile/cores_0/div/remainder1__5 multiplier stage system/tile_prci_domain/element_reset_domain_bbtile/cores_0/div/remainder1__5/P[47:0] is not pipelined (MREG=0). Pipelining the multiplier function will improve performance and will save significant power so it is suggested whenever possible to fully pipeline this function.  If this multiplier was inferred, it is suggested to describe an additional register stage after this function.  If there is no registered adder/accumulator following the multiply function, two pipeline stages are suggested to allow both the MREG and PREG registers to be used.  If the DSP48 was instantiated in the design, it is suggested to set both the MREG and PREG attributes to 1 when performing multiply functions.
Related violations: <none>

DPOP-2#20 Warning
MREG Output pipelining  
DSP system/tile_prci_domain/element_reset_domain_bbtile/cores_0/div/remainder1__7 multiplier stage system/tile_prci_domain/element_reset_domain_bbtile/cores_0/div/remainder1__7/P[47:0] is not pipelined (MREG=0). Pipelining the multiplier function will improve performance and will save significant power so it is suggested whenever possible to fully pipeline this function.  If this multiplier was inferred, it is suggested to describe an additional register stage after this function.  If there is no registered adder/accumulator following the multiply function, two pipeline stages are suggested to allow both the MREG and PREG registers to be used.  If the DSP48 was instantiated in the design, it is suggested to set both the MREG and PREG attributes to 1 when performing multiply functions.
Related violations: <none>

DPOP-2#21 Warning
MREG Output pipelining  
DSP system/tile_prci_domain/element_reset_domain_bbtile/cores_0/div/remainder1__8 multiplier stage system/tile_prci_domain/element_reset_domain_bbtile/cores_0/div/remainder1__8/P[47:0] is not pipelined (MREG=0). Pipelining the multiplier function will improve performance and will save significant power so it is suggested whenever possible to fully pipeline this function.  If this multiplier was inferred, it is suggested to describe an additional register stage after this function.  If there is no registered adder/accumulator following the multiply function, two pipeline stages are suggested to allow both the MREG and PREG registers to be used.  If the DSP48 was instantiated in the design, it is suggested to set both the MREG and PREG attributes to 1 when performing multiply functions.
Related violations: <none>

DPOP-2#22 Warning
MREG Output pipelining  
DSP system/tile_prci_domain/element_reset_domain_bbtile/fpuOpts_0/dfma/fma/mulResultPipe_pipe_b0__0 multiplier stage system/tile_prci_domain/element_reset_domain_bbtile/fpuOpts_0/dfma/fma/mulResultPipe_pipe_b0__0/P[47:0] is not pipelined (MREG=0). Pipelining the multiplier function will improve performance and will save significant power so it is suggested whenever possible to fully pipeline this function.  If this multiplier was inferred, it is suggested to describe an additional register stage after this function.  If there is no registered adder/accumulator following the multiply function, two pipeline stages are suggested to allow both the MREG and PREG registers to be used.  If the DSP48 was instantiated in the design, it is suggested to set both the MREG and PREG attributes to 1 when performing multiply functions.
Related violations: <none>

DPOP-2#23 Warning
MREG Output pipelining  
DSP system/tile_prci_domain/element_reset_domain_bbtile/fpuOpts_0/dfma/fma/mulResultPipe_pipe_b0__3 multiplier stage system/tile_prci_domain/element_reset_domain_bbtile/fpuOpts_0/dfma/fma/mulResultPipe_pipe_b0__3/P[47:0] is not pipelined (MREG=0). Pipelining the multiplier function will improve performance and will save significant power so it is suggested whenever possible to fully pipeline this function.  If this multiplier was inferred, it is suggested to describe an additional register stage after this function.  If there is no registered adder/accumulator following the multiply function, two pipeline stages are suggested to allow both the MREG and PREG registers to be used.  If the DSP48 was instantiated in the design, it is suggested to set both the MREG and PREG attributes to 1 when performing multiply functions.
Related violations: <none>

DPOP-2#24 Warning
MREG Output pipelining  
DSP system/tile_prci_domain/element_reset_domain_bbtile/fpuOpts_0/dfma/fma/mulResultPipe_pipe_b_reg multiplier stage system/tile_prci_domain/element_reset_domain_bbtile/fpuOpts_0/dfma/fma/mulResultPipe_pipe_b_reg/P[47:0] is not pipelined (MREG=0). Pipelining the multiplier function will improve performance and will save significant power so it is suggested whenever possible to fully pipeline this function.  If this multiplier was inferred, it is suggested to describe an additional register stage after this function.  If there is no registered adder/accumulator following the multiply function, two pipeline stages are suggested to allow both the MREG and PREG registers to be used.  If the DSP48 was instantiated in the design, it is suggested to set both the MREG and PREG attributes to 1 when performing multiply functions.
Related violations: <none>

DPOP-2#25 Warning
MREG Output pipelining  
DSP system/tile_prci_domain/element_reset_domain_bbtile/fpuOpts_0/dfma/fma/mulResultPipe_pipe_b_reg__0 multiplier stage system/tile_prci_domain/element_reset_domain_bbtile/fpuOpts_0/dfma/fma/mulResultPipe_pipe_b_reg__0/P[47:0] is not pipelined (MREG=0). Pipelining the multiplier function will improve performance and will save significant power so it is suggested whenever possible to fully pipeline this function.  If this multiplier was inferred, it is suggested to describe an additional register stage after this function.  If there is no registered adder/accumulator following the multiply function, two pipeline stages are suggested to allow both the MREG and PREG registers to be used.  If the DSP48 was instantiated in the design, it is suggested to set both the MREG and PREG attributes to 1 when performing multiply functions.
Related violations: <none>

DPOP-2#26 Warning
MREG Output pipelining  
DSP system/tile_prci_domain/element_reset_domain_bbtile/fpuOpts_0/dfma/fma/mulResultPipe_pipe_b_reg__1 multiplier stage system/tile_prci_domain/element_reset_domain_bbtile/fpuOpts_0/dfma/fma/mulResultPipe_pipe_b_reg__1/P[47:0] is not pipelined (MREG=0). Pipelining the multiplier function will improve performance and will save significant power so it is suggested whenever possible to fully pipeline this function.  If this multiplier was inferred, it is suggested to describe an additional register stage after this function.  If there is no registered adder/accumulator following the multiply function, two pipeline stages are suggested to allow both the MREG and PREG registers to be used.  If the DSP48 was instantiated in the design, it is suggested to set both the MREG and PREG attributes to 1 when performing multiply functions.
Related violations: <none>

DPOP-2#27 Warning
MREG Output pipelining  
DSP system/tile_prci_domain/element_reset_domain_bbtile/fpuOpts_0/sfma/fma/mulResultPipe_pipe_b0 multiplier stage system/tile_prci_domain/element_reset_domain_bbtile/fpuOpts_0/sfma/fma/mulResultPipe_pipe_b0/P[47:0] is not pipelined (MREG=0). Pipelining the multiplier function will improve performance and will save significant power so it is suggested whenever possible to fully pipeline this function.  If this multiplier was inferred, it is suggested to describe an additional register stage after this function.  If there is no registered adder/accumulator following the multiply function, two pipeline stages are suggested to allow both the MREG and PREG registers to be used.  If the DSP48 was instantiated in the design, it is suggested to set both the MREG and PREG attributes to 1 when performing multiply functions.
Related violations: <none>

DPOP-2#28 Warning
MREG Output pipelining  
DSP system/tile_prci_domain/element_reset_domain_bbtile/fpuOpts_0/sfma/fma/mulResultPipe_pipe_b_reg multiplier stage system/tile_prci_domain/element_reset_domain_bbtile/fpuOpts_0/sfma/fma/mulResultPipe_pipe_b_reg/P[47:0] is not pipelined (MREG=0). Pipelining the multiplier function will improve performance and will save significant power so it is suggested whenever possible to fully pipeline this function.  If this multiplier was inferred, it is suggested to describe an additional register stage after this function.  If there is no registered adder/accumulator following the multiply function, two pipeline stages are suggested to allow both the MREG and PREG registers to be used.  If the DSP48 was instantiated in the design, it is suggested to set both the MREG and PREG attributes to 1 when performing multiply functions.
Related violations: <none>


